MPLINK 5.09, LINKER
Linker Map File - Created Mon Dec 20 19:34:42 2021

                                 Section Info
                  Section       Type    Address   Location Size(Bytes)
                ---------  ---------  ---------  ---------  ---------
                   .org_0       code   0x000000    program   0x000004
                   .cinit    romdata   0x000002    program   0x000004
                   .org_1       code   0x000004    program   0x000070
.config_2007_BUILD/DEFAULT/PRODUCTION/USART0.       code   0x002007    program   0x000002



                              Program Memory Usage 
                               Start         End      
                           ---------   ---------      
                            0x000000    0x00003b      
                            0x002007    0x002007      
            61 out of 8454 program addresses used, program memory utilization is 0%



                              Symbols - Sorted by Name
                     Name    Address   Location    Storage File                     
                ---------  ---------  ---------  --------- ---------                
                       AA   0x000031    program     static C:\Users\Eyüp AKDENÝZ\Desktop\New Folder\usart0.X\usart0.asm
                      BAS   0x000029    program     static C:\Users\Eyüp AKDENÝZ\Desktop\New Folder\usart0.X\usart0.asm
                       FF   0x00003b    program     static C:\Users\Eyüp AKDENÝZ\Desktop\New Folder\usart0.X\usart0.asm
                  GECIKME   0x000005    program     static C:\Users\Eyüp AKDENÝZ\Desktop\New Folder\usart0.X\usart0.asm
               KESME_AYAR   0x00001b    program     static C:\Users\Eyüp AKDENÝZ\Desktop\New Folder\usart0.X\usart0.asm
                     LOOP   0x000009    program     static C:\Users\Eyüp AKDENÝZ\Desktop\New Folder\usart0.X\usart0.asm
              SERI_GONDER   0x000022    program     static C:\Users\Eyüp AKDENÝZ\Desktop\New Folder\usart0.X\usart0.asm
               USART_AYAR   0x00000e    program     static C:\Users\Eyüp AKDENÝZ\Desktop\New Folder\usart0.X\usart0.asm
             _.org_1_0023   0x000023    program     static C:\Users\Eyüp AKDENÝZ\Desktop\New Folder\usart0.X\usart0.asm



                              Symbols - Sorted by Address
                     Name    Address   Location    Storage File                     
                ---------  ---------  ---------  --------- ---------                
                  GECIKME   0x000005    program     static C:\Users\Eyüp AKDENÝZ\Desktop\New Folder\usart0.X\usart0.asm
                     LOOP   0x000009    program     static C:\Users\Eyüp AKDENÝZ\Desktop\New Folder\usart0.X\usart0.asm
               USART_AYAR   0x00000e    program     static C:\Users\Eyüp AKDENÝZ\Desktop\New Folder\usart0.X\usart0.asm
               KESME_AYAR   0x00001b    program     static C:\Users\Eyüp AKDENÝZ\Desktop\New Folder\usart0.X\usart0.asm
              SERI_GONDER   0x000022    program     static C:\Users\Eyüp AKDENÝZ\Desktop\New Folder\usart0.X\usart0.asm
             _.org_1_0023   0x000023    program     static C:\Users\Eyüp AKDENÝZ\Desktop\New Folder\usart0.X\usart0.asm
                      BAS   0x000029    program     static C:\Users\Eyüp AKDENÝZ\Desktop\New Folder\usart0.X\usart0.asm
                       AA   0x000031    program     static C:\Users\Eyüp AKDENÝZ\Desktop\New Folder\usart0.X\usart0.asm
                       FF   0x00003b    program     static C:\Users\Eyüp AKDENÝZ\Desktop\New Folder\usart0.X\usart0.asm


