MPLINK 5.09, LINKER
Linker Map File - Created Sun Nov 07 23:39:36 2021

                                 Section Info
                  Section       Type    Address   Location Size(Bytes)
                ---------  ---------  ---------  ---------  ---------
                   .org_0       code   0x000000    program   0x000004
                   .cinit    romdata   0x000002    program   0x000004
                   .org_1       code   0x000004    program   0x0000aa
.config_2007_BUILD/DEFAULT/PRODUCTION/DENEME.       code   0x002007    program   0x000002



                              Program Memory Usage 
                               Start         End      
                           ---------   ---------      
                            0x000000    0x000058      
                            0x002007    0x002007      
            90 out of 8454 program addresses used, program memory utilization is 1%



                              Symbols - Sorted by Name
                     Name    Address   Location    Storage File                     
                ---------  ---------  ---------  --------- ---------                
                    BASLA   0x000024    program     static C:\Users\Eyüp AKDENÝZ\Desktop\New Folder\deneme.X\deneme.asm
                    DONGU   0x000034    program     static C:\Users\Eyüp AKDENÝZ\Desktop\New Folder\deneme.X\deneme.asm
                  GECIKME   0x00001b    program     static C:\Users\Eyüp AKDENÝZ\Desktop\New Folder\deneme.X\deneme.asm
                   ISLEM1   0x00003e    program     static C:\Users\Eyüp AKDENÝZ\Desktop\New Folder\deneme.X\deneme.asm
                   ISLEM2   0x00004e    program     static C:\Users\Eyüp AKDENÝZ\Desktop\New Folder\deneme.X\deneme.asm
                  LOOK_UP   0x000010    program     static C:\Users\Eyüp AKDENÝZ\Desktop\New Folder\deneme.X\deneme.asm
                     LOOP   0x00001f    program     static C:\Users\Eyüp AKDENÝZ\Desktop\New Folder\deneme.X\deneme.asm



                              Symbols - Sorted by Address
                     Name    Address   Location    Storage File                     
                ---------  ---------  ---------  --------- ---------                
                  LOOK_UP   0x000010    program     static C:\Users\Eyüp AKDENÝZ\Desktop\New Folder\deneme.X\deneme.asm
                  GECIKME   0x00001b    program     static C:\Users\Eyüp AKDENÝZ\Desktop\New Folder\deneme.X\deneme.asm
                     LOOP   0x00001f    program     static C:\Users\Eyüp AKDENÝZ\Desktop\New Folder\deneme.X\deneme.asm
                    BASLA   0x000024    program     static C:\Users\Eyüp AKDENÝZ\Desktop\New Folder\deneme.X\deneme.asm
                    DONGU   0x000034    program     static C:\Users\Eyüp AKDENÝZ\Desktop\New Folder\deneme.X\deneme.asm
                   ISLEM1   0x00003e    program     static C:\Users\Eyüp AKDENÝZ\Desktop\New Folder\deneme.X\deneme.asm
                   ISLEM2   0x00004e    program     static C:\Users\Eyüp AKDENÝZ\Desktop\New Folder\deneme.X\deneme.asm


