MPLINK 5.09, LINKER
Linker Map File - Created Tue Nov 02 23:07:37 2021

                                 Section Info
                  Section       Type    Address   Location Size(Bytes)
                ---------  ---------  ---------  ---------  ---------
                   .org_0       code   0x000000    program   0x000004
                   .cinit    romdata   0x000002    program   0x000004
                   .org_1       code   0x000004    program   0x000042
.config_2007_BUILD/DEFAULT/PRODUCTION/LAB1.O       code   0x002007    program   0x000002



                              Program Memory Usage 
                               Start         End      
                           ---------   ---------      
                            0x000000    0x000024      
                            0x002007    0x002007      
            38 out of 8454 program addresses used, program memory utilization is 0%



                              Symbols - Sorted by Name
                     Name    Address   Location    Storage File                     
                ---------  ---------  ---------  --------- ---------                
                    BASLA   0x00000d    program     static C:\Users\Eyüp AKDENÝZ\Desktop\New Folder\lab1.X\lab1.asm
                    DONGU   0x00001d    program     static C:\Users\Eyüp AKDENÝZ\Desktop\New Folder\lab1.X\lab1.asm
                      GEC   0x000004    program     static C:\Users\Eyüp AKDENÝZ\Desktop\New Folder\lab1.X\lab1.asm
                    ISLEM   0x000020    program     static C:\Users\Eyüp AKDENÝZ\Desktop\New Folder\lab1.X\lab1.asm
                     LOOP   0x000006    program     static C:\Users\Eyüp AKDENÝZ\Desktop\New Folder\lab1.X\lab1.asm
                    LOOP1   0x000008    program     static C:\Users\Eyüp AKDENÝZ\Desktop\New Folder\lab1.X\lab1.asm



                              Symbols - Sorted by Address
                     Name    Address   Location    Storage File                     
                ---------  ---------  ---------  --------- ---------                
                      GEC   0x000004    program     static C:\Users\Eyüp AKDENÝZ\Desktop\New Folder\lab1.X\lab1.asm
                     LOOP   0x000006    program     static C:\Users\Eyüp AKDENÝZ\Desktop\New Folder\lab1.X\lab1.asm
                    LOOP1   0x000008    program     static C:\Users\Eyüp AKDENÝZ\Desktop\New Folder\lab1.X\lab1.asm
                    BASLA   0x00000d    program     static C:\Users\Eyüp AKDENÝZ\Desktop\New Folder\lab1.X\lab1.asm
                    DONGU   0x00001d    program     static C:\Users\Eyüp AKDENÝZ\Desktop\New Folder\lab1.X\lab1.asm
                    ISLEM   0x000020    program     static C:\Users\Eyüp AKDENÝZ\Desktop\New Folder\lab1.X\lab1.asm


