MPLINK 5.09, LINKER
Linker Map File - Created Fri Nov 05 22:10:37 2021

                                 Section Info
                  Section       Type    Address   Location Size(Bytes)
                ---------  ---------  ---------  ---------  ---------
                   .org_0       code   0x000000    program   0x000004
                   .cinit    romdata   0x000002    program   0x000004
                   .org_1       code   0x000004    program   0x000084
.config_2007_BUILD/DEFAULT/PRODUCTION/D.O       code   0x002007    program   0x000002



                              Program Memory Usage 
                               Start         End      
                           ---------   ---------      
                            0x000000    0x000045      
                            0x002007    0x002007      
            71 out of 8454 program addresses used, program memory utilization is 0%



                              Symbols - Sorted by Name
                     Name    Address   Location    Storage File                     
                ---------  ---------  ---------  --------- ---------                
                   AD_YAZ   0x00002d    program     static C:\Users\Eyüp AKDENÝZ\Desktop\New Folder\display_ad.X\d.asm
                    BASLA   0x00001e    program     static C:\Users\Eyüp AKDENÝZ\Desktop\New Folder\display_ad.X\d.asm
                  GECIKME   0x000015    program     static C:\Users\Eyüp AKDENÝZ\Desktop\New Folder\display_ad.X\d.asm
                  LOOK_UP   0x000010    program     static C:\Users\Eyüp AKDENÝZ\Desktop\New Folder\display_ad.X\d.asm
                     LOOP   0x000019    program     static C:\Users\Eyüp AKDENÝZ\Desktop\New Folder\display_ad.X\d.asm



                              Symbols - Sorted by Address
                     Name    Address   Location    Storage File                     
                ---------  ---------  ---------  --------- ---------                
                  LOOK_UP   0x000010    program     static C:\Users\Eyüp AKDENÝZ\Desktop\New Folder\display_ad.X\d.asm
                  GECIKME   0x000015    program     static C:\Users\Eyüp AKDENÝZ\Desktop\New Folder\display_ad.X\d.asm
                     LOOP   0x000019    program     static C:\Users\Eyüp AKDENÝZ\Desktop\New Folder\display_ad.X\d.asm
                    BASLA   0x00001e    program     static C:\Users\Eyüp AKDENÝZ\Desktop\New Folder\display_ad.X\d.asm
                   AD_YAZ   0x00002d    program     static C:\Users\Eyüp AKDENÝZ\Desktop\New Folder\display_ad.X\d.asm


