MPLINK 5.09, LINKER
Linker Map File - Created Tue Dec 21 11:21:37 2021

                                 Section Info
                  Section       Type    Address   Location Size(Bytes)
                ---------  ---------  ---------  ---------  ---------
                   .org_0       code   0x000000    program   0x000004
                   .cinit    romdata   0x000002    program   0x000004
                   .org_1       code   0x000004    program   0x000104
.config_2007_BUILD/DEFAULT/PRODUCTION/USART2.       code   0x002007    program   0x000002



                              Program Memory Usage 
                               Start         End      
                           ---------   ---------      
                            0x000000    0x000085      
                            0x002007    0x002007      
            135 out of 8454 program addresses used, program memory utilization is 1%



                              Symbols - Sorted by Name
                     Name    Address   Location    Storage File                     
                ---------  ---------  ---------  --------- ---------                
                    BASLA   0x00006e    program     static C:\Users\Eyüp AKDENÝZ\Desktop\New Folder\usart2.X\usart2.asm
                       DD   0x000085    program     static C:\Users\Eyüp AKDENÝZ\Desktop\New Folder\usart2.X\usart2.asm
                    DELAY   0x00001e    program     static C:\Users\Eyüp AKDENÝZ\Desktop\New Folder\usart2.X\usart2.asm
                   GONDER   0x000023    program     static C:\Users\Eyüp AKDENÝZ\Desktop\New Folder\usart2.X\usart2.asm
                    HABER   0x000050    program     static C:\Users\Eyüp AKDENÝZ\Desktop\New Folder\usart2.X\usart2.asm
                    KESME   0x000060    program     static C:\Users\Eyüp AKDENÝZ\Desktop\New Folder\usart2.X\usart2.asm
                LCDAYARLA   0x000037    program     static C:\Users\Eyüp AKDENÝZ\Desktop\New Folder\usart2.X\usart2.asm
                     LOOP   0x000020    program     static C:\Users\Eyüp AKDENÝZ\Desktop\New Folder\usart2.X\usart2.asm
                    LOOP2   0x00006b    program     static C:\Users\Eyüp AKDENÝZ\Desktop\New Folder\usart2.X\usart2.asm
                      SSS   0x000069    program     static C:\Users\Eyüp AKDENÝZ\Desktop\New Folder\usart2.X\usart2.asm
                TETIKLEME   0x000018    program     static C:\Users\Eyüp AKDENÝZ\Desktop\New Folder\usart2.X\usart2.asm



                              Symbols - Sorted by Address
                     Name    Address   Location    Storage File                     
                ---------  ---------  ---------  --------- ---------                
                TETIKLEME   0x000018    program     static C:\Users\Eyüp AKDENÝZ\Desktop\New Folder\usart2.X\usart2.asm
                    DELAY   0x00001e    program     static C:\Users\Eyüp AKDENÝZ\Desktop\New Folder\usart2.X\usart2.asm
                     LOOP   0x000020    program     static C:\Users\Eyüp AKDENÝZ\Desktop\New Folder\usart2.X\usart2.asm
                   GONDER   0x000023    program     static C:\Users\Eyüp AKDENÝZ\Desktop\New Folder\usart2.X\usart2.asm
                LCDAYARLA   0x000037    program     static C:\Users\Eyüp AKDENÝZ\Desktop\New Folder\usart2.X\usart2.asm
                    HABER   0x000050    program     static C:\Users\Eyüp AKDENÝZ\Desktop\New Folder\usart2.X\usart2.asm
                    KESME   0x000060    program     static C:\Users\Eyüp AKDENÝZ\Desktop\New Folder\usart2.X\usart2.asm
                      SSS   0x000069    program     static C:\Users\Eyüp AKDENÝZ\Desktop\New Folder\usart2.X\usart2.asm
                    LOOP2   0x00006b    program     static C:\Users\Eyüp AKDENÝZ\Desktop\New Folder\usart2.X\usart2.asm
                    BASLA   0x00006e    program     static C:\Users\Eyüp AKDENÝZ\Desktop\New Folder\usart2.X\usart2.asm
                       DD   0x000085    program     static C:\Users\Eyüp AKDENÝZ\Desktop\New Folder\usart2.X\usart2.asm


