MPLINK 5.09, LINKER
Linker Map File - Created Wed Nov 03 13:45:37 2021

                                 Section Info
                  Section       Type    Address   Location Size(Bytes)
                ---------  ---------  ---------  ---------  ---------
                   .org_0       code   0x000000    program   0x000004
                   .cinit    romdata   0x000002    program   0x000004
                   .org_1       code   0x000004    program   0x00005c
.config_2007_BUILD/DEFAULT/PRODUCTION/USLU.O       code   0x002007    program   0x000002



                              Program Memory Usage 
                               Start         End      
                           ---------   ---------      
                            0x000000    0x000031      
                            0x002007    0x002007      
            51 out of 8454 program addresses used, program memory utilization is 0%



                              Symbols - Sorted by Name
                     Name    Address   Location    Storage File                     
                ---------  ---------  ---------  --------- ---------                
                    BASLA   0x000011    program     static C:\Users\Eyüp AKDENÝZ\Desktop\New Folder\uslu.X\uslu.asm
                   BUTTON   0x000020    program     static C:\Users\Eyüp AKDENÝZ\Desktop\New Folder\uslu.X\uslu.asm
                   DONGU1   0x00002c    program     static C:\Users\Eyüp AKDENÝZ\Desktop\New Folder\uslu.X\uslu.asm
                  GECIKME   0x000004    program     static C:\Users\Eyüp AKDENÝZ\Desktop\New Folder\uslu.X\uslu.asm
                    ISLEM   0x000029    program     static C:\Users\Eyüp AKDENÝZ\Desktop\New Folder\uslu.X\uslu.asm
                     LOOP   0x000006    program     static C:\Users\Eyüp AKDENÝZ\Desktop\New Folder\uslu.X\uslu.asm
                    LOOP1   0x000008    program     static C:\Users\Eyüp AKDENÝZ\Desktop\New Folder\uslu.X\uslu.asm
                    LOOP2   0x00000a    program     static C:\Users\Eyüp AKDENÝZ\Desktop\New Folder\uslu.X\uslu.asm
                     USLU   0x000023    program     static C:\Users\Eyüp AKDENÝZ\Desktop\New Folder\uslu.X\uslu.asm



                              Symbols - Sorted by Address
                     Name    Address   Location    Storage File                     
                ---------  ---------  ---------  --------- ---------                
                  GECIKME   0x000004    program     static C:\Users\Eyüp AKDENÝZ\Desktop\New Folder\uslu.X\uslu.asm
                     LOOP   0x000006    program     static C:\Users\Eyüp AKDENÝZ\Desktop\New Folder\uslu.X\uslu.asm
                    LOOP1   0x000008    program     static C:\Users\Eyüp AKDENÝZ\Desktop\New Folder\uslu.X\uslu.asm
                    LOOP2   0x00000a    program     static C:\Users\Eyüp AKDENÝZ\Desktop\New Folder\uslu.X\uslu.asm
                    BASLA   0x000011    program     static C:\Users\Eyüp AKDENÝZ\Desktop\New Folder\uslu.X\uslu.asm
                   BUTTON   0x000020    program     static C:\Users\Eyüp AKDENÝZ\Desktop\New Folder\uslu.X\uslu.asm
                     USLU   0x000023    program     static C:\Users\Eyüp AKDENÝZ\Desktop\New Folder\uslu.X\uslu.asm
                    ISLEM   0x000029    program     static C:\Users\Eyüp AKDENÝZ\Desktop\New Folder\uslu.X\uslu.asm
                   DONGU1   0x00002c    program     static C:\Users\Eyüp AKDENÝZ\Desktop\New Folder\uslu.X\uslu.asm


