MPLINK 5.09, LINKER
Linker Map File - Created Sun Nov 07 15:08:38 2021

                                 Section Info
                  Section       Type    Address   Location Size(Bytes)
                ---------  ---------  ---------  ---------  ---------
                   .org_0       code   0x000000    program   0x000004
                   .cinit    romdata   0x000002    program   0x000004
                   .org_1       code   0x000004    program   0x0000a6
.config_2007_BUILD/DEFAULT/PRODUCTION/DISPLAY       code   0x002007    program   0x000002



                              Program Memory Usage 
                               Start         End      
                           ---------   ---------      
                            0x000000    0x000056      
                            0x002007    0x002007      
            88 out of 8454 program addresses used, program memory utilization is 1%



                              Symbols - Sorted by Name
                     Name    Address   Location    Storage File                     
                ---------  ---------  ---------  --------- ---------                
                    BASLA   0x000024    program     static C:\Users\Eyüp AKDENÝZ\Desktop\New Folder\displayde_2bas_geri_sayma.X\displayde_2bas_geri_sayma.asm
                    DONGU   0x000039    program     static C:\Users\Eyüp AKDENÝZ\Desktop\New Folder\displayde_2bas_geri_sayma.X\displayde_2bas_geri_sayma.asm
                  GECIKME   0x00001b    program     static C:\Users\Eyüp AKDENÝZ\Desktop\New Folder\displayde_2bas_geri_sayma.X\displayde_2bas_geri_sayma.asm
                    ISLEM   0x000043    program     static C:\Users\Eyüp AKDENÝZ\Desktop\New Folder\displayde_2bas_geri_sayma.X\displayde_2bas_geri_sayma.asm
                   ISLEM1   0x000053    program     static C:\Users\Eyüp AKDENÝZ\Desktop\New Folder\displayde_2bas_geri_sayma.X\displayde_2bas_geri_sayma.asm
                  LOOK_UP   0x000010    program     static C:\Users\Eyüp AKDENÝZ\Desktop\New Folder\displayde_2bas_geri_sayma.X\displayde_2bas_geri_sayma.asm
                     LOOP   0x00001f    program     static C:\Users\Eyüp AKDENÝZ\Desktop\New Folder\displayde_2bas_geri_sayma.X\displayde_2bas_geri_sayma.asm



                              Symbols - Sorted by Address
                     Name    Address   Location    Storage File                     
                ---------  ---------  ---------  --------- ---------                
                  LOOK_UP   0x000010    program     static C:\Users\Eyüp AKDENÝZ\Desktop\New Folder\displayde_2bas_geri_sayma.X\displayde_2bas_geri_sayma.asm
                  GECIKME   0x00001b    program     static C:\Users\Eyüp AKDENÝZ\Desktop\New Folder\displayde_2bas_geri_sayma.X\displayde_2bas_geri_sayma.asm
                     LOOP   0x00001f    program     static C:\Users\Eyüp AKDENÝZ\Desktop\New Folder\displayde_2bas_geri_sayma.X\displayde_2bas_geri_sayma.asm
                    BASLA   0x000024    program     static C:\Users\Eyüp AKDENÝZ\Desktop\New Folder\displayde_2bas_geri_sayma.X\displayde_2bas_geri_sayma.asm
                    DONGU   0x000039    program     static C:\Users\Eyüp AKDENÝZ\Desktop\New Folder\displayde_2bas_geri_sayma.X\displayde_2bas_geri_sayma.asm
                    ISLEM   0x000043    program     static C:\Users\Eyüp AKDENÝZ\Desktop\New Folder\displayde_2bas_geri_sayma.X\displayde_2bas_geri_sayma.asm
                   ISLEM1   0x000053    program     static C:\Users\Eyüp AKDENÝZ\Desktop\New Folder\displayde_2bas_geri_sayma.X\displayde_2bas_geri_sayma.asm


