MPLINK 5.09, LINKER
Linker Map File - Created Thu Dec 02 20:24:35 2021

                                 Section Info
                  Section       Type    Address   Location Size(Bytes)
                ---------  ---------  ---------  ---------  ---------
                   .org_0       code   0x000000    program   0x000004
                   .cinit    romdata   0x000002    program   0x000004
                   .org_1       code   0x000004    program   0x0000a6
.config_2007_BUILD/DEFAULT/PRODUCTION/ADC_ASM       code   0x002007    program   0x000002



                              Program Memory Usage 
                               Start         End      
                           ---------   ---------      
                            0x000000    0x000056      
                            0x002007    0x002007      
            88 out of 8454 program addresses used, program memory utilization is 1%



                              Symbols - Sorted by Name
                     Name    Address   Location    Storage File                     
                ---------  ---------  ---------  --------- ---------                
                 ADC_AYAR   0x00003e    program     static C:\Users\Eyüp AKDENÝZ\Desktop\New Folder\ADC_.X\adc_asm.asm
                  ADC_OKU   0x000047    program     static C:\Users\Eyüp AKDENÝZ\Desktop\New Folder\ADC_.X\adc_asm.asm
                    BASLA   0x000051    program     static C:\Users\Eyüp AKDENÝZ\Desktop\New Folder\ADC_.X\adc_asm.asm
                      CIK   0x00000f    program     static C:\Users\Eyüp AKDENÝZ\Desktop\New Folder\ADC_.X\adc_asm.asm
                       DD   0x000056    program     static C:\Users\Eyüp AKDENÝZ\Desktop\New Folder\ADC_.X\adc_asm.asm
                    ISLEM   0x000017    program     static C:\Users\Eyüp AKDENÝZ\Desktop\New Folder\ADC_.X\adc_asm.asm
               KESME_AYAR   0x000029    program     static C:\Users\Eyüp AKDENÝZ\Desktop\New Folder\ADC_.X\adc_asm.asm
                PORT_AYAR   0x000034    program     static C:\Users\Eyüp AKDENÝZ\Desktop\New Folder\ADC_.X\adc_asm.asm
                       TT   0x00004a    program     static C:\Users\Eyüp AKDENÝZ\Desktop\New Folder\ADC_.X\adc_asm.asm
                    YAZ_1   0x000020    program     static C:\Users\Eyüp AKDENÝZ\Desktop\New Folder\ADC_.X\adc_asm.asm
                    YAZ_2   0x000023    program     static C:\Users\Eyüp AKDENÝZ\Desktop\New Folder\ADC_.X\adc_asm.asm
                    YAZ_3   0x000026    program     static C:\Users\Eyüp AKDENÝZ\Desktop\New Folder\ADC_.X\adc_asm.asm



                              Symbols - Sorted by Address
                     Name    Address   Location    Storage File                     
                ---------  ---------  ---------  --------- ---------                
                      CIK   0x00000f    program     static C:\Users\Eyüp AKDENÝZ\Desktop\New Folder\ADC_.X\adc_asm.asm
                    ISLEM   0x000017    program     static C:\Users\Eyüp AKDENÝZ\Desktop\New Folder\ADC_.X\adc_asm.asm
                    YAZ_1   0x000020    program     static C:\Users\Eyüp AKDENÝZ\Desktop\New Folder\ADC_.X\adc_asm.asm
                    YAZ_2   0x000023    program     static C:\Users\Eyüp AKDENÝZ\Desktop\New Folder\ADC_.X\adc_asm.asm
                    YAZ_3   0x000026    program     static C:\Users\Eyüp AKDENÝZ\Desktop\New Folder\ADC_.X\adc_asm.asm
               KESME_AYAR   0x000029    program     static C:\Users\Eyüp AKDENÝZ\Desktop\New Folder\ADC_.X\adc_asm.asm
                PORT_AYAR   0x000034    program     static C:\Users\Eyüp AKDENÝZ\Desktop\New Folder\ADC_.X\adc_asm.asm
                 ADC_AYAR   0x00003e    program     static C:\Users\Eyüp AKDENÝZ\Desktop\New Folder\ADC_.X\adc_asm.asm
                  ADC_OKU   0x000047    program     static C:\Users\Eyüp AKDENÝZ\Desktop\New Folder\ADC_.X\adc_asm.asm
                       TT   0x00004a    program     static C:\Users\Eyüp AKDENÝZ\Desktop\New Folder\ADC_.X\adc_asm.asm
                    BASLA   0x000051    program     static C:\Users\Eyüp AKDENÝZ\Desktop\New Folder\ADC_.X\adc_asm.asm
                       DD   0x000056    program     static C:\Users\Eyüp AKDENÝZ\Desktop\New Folder\ADC_.X\adc_asm.asm


