MPLINK 5.09, LINKER
Linker Map File - Created Tue Nov 02 12:15:14 2021

                                 Section Info
                  Section       Type    Address   Location Size(Bytes)
                ---------  ---------  ---------  ---------  ---------
                   .org_0       code   0x000000    program   0x000004
                   .cinit    romdata   0x000002    program   0x000004
                   .org_1       code   0x000004    program   0x000048
.config_2007_BUILD/DEFAULT/PRODUCTION/OKULPOR       code   0x002007    program   0x000002



                              Program Memory Usage 
                               Start         End      
                           ---------   ---------      
                            0x000000    0x000027      
                            0x002007    0x002007      
            41 out of 8454 program addresses used, program memory utilization is 0%



                              Symbols - Sorted by Name
                     Name    Address   Location    Storage File                     
                ---------  ---------  ---------  --------- ---------                
                    BASLA   0x00000d    program     static C:\Users\Eyüp AKDENÝZ\Desktop\New Folder\okulportaorn.X\okulportaorn.asm
                    DONGU   0x00001e    program     static C:\Users\Eyüp AKDENÝZ\Desktop\New Folder\okulportaorn.X\okulportaorn.asm
                   DONGU2   0x00001b    program     static C:\Users\Eyüp AKDENÝZ\Desktop\New Folder\okulportaorn.X\okulportaorn.asm
                  GECIKME   0x000004    program     static C:\Users\Eyüp AKDENÝZ\Desktop\New Folder\okulportaorn.X\okulportaorn.asm
                    LOOP1   0x000008    program     static C:\Users\Eyüp AKDENÝZ\Desktop\New Folder\okulportaorn.X\okulportaorn.asm
                    LOOP2   0x000006    program     static C:\Users\Eyüp AKDENÝZ\Desktop\New Folder\okulportaorn.X\okulportaorn.asm
                   SONDUR   0x000024    program     static C:\Users\Eyüp AKDENÝZ\Desktop\New Folder\okulportaorn.X\okulportaorn.asm
                      YAK   0x000020    program     static C:\Users\Eyüp AKDENÝZ\Desktop\New Folder\okulportaorn.X\okulportaorn.asm



                              Symbols - Sorted by Address
                     Name    Address   Location    Storage File                     
                ---------  ---------  ---------  --------- ---------                
                  GECIKME   0x000004    program     static C:\Users\Eyüp AKDENÝZ\Desktop\New Folder\okulportaorn.X\okulportaorn.asm
                    LOOP2   0x000006    program     static C:\Users\Eyüp AKDENÝZ\Desktop\New Folder\okulportaorn.X\okulportaorn.asm
                    LOOP1   0x000008    program     static C:\Users\Eyüp AKDENÝZ\Desktop\New Folder\okulportaorn.X\okulportaorn.asm
                    BASLA   0x00000d    program     static C:\Users\Eyüp AKDENÝZ\Desktop\New Folder\okulportaorn.X\okulportaorn.asm
                   DONGU2   0x00001b    program     static C:\Users\Eyüp AKDENÝZ\Desktop\New Folder\okulportaorn.X\okulportaorn.asm
                    DONGU   0x00001e    program     static C:\Users\Eyüp AKDENÝZ\Desktop\New Folder\okulportaorn.X\okulportaorn.asm
                      YAK   0x000020    program     static C:\Users\Eyüp AKDENÝZ\Desktop\New Folder\okulportaorn.X\okulportaorn.asm
                   SONDUR   0x000024    program     static C:\Users\Eyüp AKDENÝZ\Desktop\New Folder\okulportaorn.X\okulportaorn.asm


