MPLINK 5.09, LINKER
Linker Map File - Created Fri Nov 05 18:41:15 2021

                                 Section Info
                  Section       Type    Address   Location Size(Bytes)
                ---------  ---------  ---------  ---------  ---------
                   .org_0       code   0x000000    program   0x000004
                   .cinit    romdata   0x000002    program   0x000004
                   .org_1       code   0x000004    program   0x000074
.config_2007_BUILD/DEFAULT/PRODUCTION/DISPLAY       code   0x002007    program   0x000002



                              Program Memory Usage 
                               Start         End      
                           ---------   ---------      
                            0x000000    0x00003d      
                            0x002007    0x002007      
            63 out of 8454 program addresses used, program memory utilization is 0%



                              Symbols - Sorted by Name
                     Name    Address   Location    Storage File                     
                ---------  ---------  ---------  --------- ---------                
                    BASLA   0x000024    program     static C:\Users\Eyüp AKDENÝZ\Desktop\New Folder\display_lookup.X\display_lookup.asm
                      DON   0x000031    program     static C:\Users\Eyüp AKDENÝZ\Desktop\New Folder\display_lookup.X\display_lookup.asm
                  GECIKME   0x00001b    program     static C:\Users\Eyüp AKDENÝZ\Desktop\New Folder\display_lookup.X\display_lookup.asm
             KATOT_LOOKUP   0x000010    program     static C:\Users\Eyüp AKDENÝZ\Desktop\New Folder\display_lookup.X\display_lookup.asm
                     LOOP   0x00001f    program     static C:\Users\Eyüp AKDENÝZ\Desktop\New Folder\display_lookup.X\display_lookup.asm



                              Symbols - Sorted by Address
                     Name    Address   Location    Storage File                     
                ---------  ---------  ---------  --------- ---------                
             KATOT_LOOKUP   0x000010    program     static C:\Users\Eyüp AKDENÝZ\Desktop\New Folder\display_lookup.X\display_lookup.asm
                  GECIKME   0x00001b    program     static C:\Users\Eyüp AKDENÝZ\Desktop\New Folder\display_lookup.X\display_lookup.asm
                     LOOP   0x00001f    program     static C:\Users\Eyüp AKDENÝZ\Desktop\New Folder\display_lookup.X\display_lookup.asm
                    BASLA   0x000024    program     static C:\Users\Eyüp AKDENÝZ\Desktop\New Folder\display_lookup.X\display_lookup.asm
                      DON   0x000031    program     static C:\Users\Eyüp AKDENÝZ\Desktop\New Folder\display_lookup.X\display_lookup.asm


