MPLINK 5.09, LINKER
Linker Map File - Created Thu Nov 18 22:21:01 2021

                                 Section Info
                  Section       Type    Address   Location Size(Bytes)
                ---------  ---------  ---------  ---------  ---------
                   .org_0       code   0x000000    program   0x000004
                   .cinit    romdata   0x000002    program   0x000004
                   .org_1       code   0x000004    program   0x000042
.config_2007_BUILD/DEFAULT/PRODUCTION/RB0_KES       code   0x002007    program   0x000002



                              Program Memory Usage 
                               Start         End      
                           ---------   ---------      
                            0x000000    0x000024      
                            0x002007    0x002007      
            38 out of 8454 program addresses used, program memory utilization is 0%



                              Symbols - Sorted by Name
                     Name    Address   Location    Storage File                     
                ---------  ---------  ---------  --------- ---------                
                    BASLA   0x000022    program     static C:\Users\Eyüp AKDENÝZ\Desktop\New Folder\rb0_kesme.X\rb0_kesme.asm
                      CIK   0x00000b    program     static C:\Users\Eyüp AKDENÝZ\Desktop\New Folder\rb0_kesme.X\rb0_kesme.asm
                       DD   0x000024    program     static C:\Users\Eyüp AKDENÝZ\Desktop\New Folder\rb0_kesme.X\rb0_kesme.asm
                    ISLEM   0x000013    program     static C:\Users\Eyüp AKDENÝZ\Desktop\New Folder\rb0_kesme.X\rb0_kesme.asm
               KESME_AYAR   0x000017    program     static C:\Users\Eyüp AKDENÝZ\Desktop\New Folder\rb0_kesme.X\rb0_kesme.asm
                PORT_AYAR   0x00001b    program     static C:\Users\Eyüp AKDENÝZ\Desktop\New Folder\rb0_kesme.X\rb0_kesme.asm



                              Symbols - Sorted by Address
                     Name    Address   Location    Storage File                     
                ---------  ---------  ---------  --------- ---------                
                      CIK   0x00000b    program     static C:\Users\Eyüp AKDENÝZ\Desktop\New Folder\rb0_kesme.X\rb0_kesme.asm
                    ISLEM   0x000013    program     static C:\Users\Eyüp AKDENÝZ\Desktop\New Folder\rb0_kesme.X\rb0_kesme.asm
               KESME_AYAR   0x000017    program     static C:\Users\Eyüp AKDENÝZ\Desktop\New Folder\rb0_kesme.X\rb0_kesme.asm
                PORT_AYAR   0x00001b    program     static C:\Users\Eyüp AKDENÝZ\Desktop\New Folder\rb0_kesme.X\rb0_kesme.asm
                    BASLA   0x000022    program     static C:\Users\Eyüp AKDENÝZ\Desktop\New Folder\rb0_kesme.X\rb0_kesme.asm
                       DD   0x000024    program     static C:\Users\Eyüp AKDENÝZ\Desktop\New Folder\rb0_kesme.X\rb0_kesme.asm


