MPLINK 5.09, LINKER
Linker Map File - Created Thu Dec 16 19:59:37 2021

                                 Section Info
                  Section       Type    Address   Location Size(Bytes)
                ---------  ---------  ---------  ---------  ---------
                   .org_0       code   0x000000    program   0x000004
                   .cinit    romdata   0x000002    program   0x000004
                   .org_1       code   0x000004    program   0x000116
.config_2007_BUILD/DEFAULT/PRODUCTION/LCD_EKR       code   0x002007    program   0x000002



                              Program Memory Usage 
                               Start         End      
                           ---------   ---------      
                            0x000000    0x00008e      
                            0x002007    0x002007      
            144 out of 8454 program addresses used, program memory utilization is 1%



                              Symbols - Sorted by Name
                     Name    Address   Location    Storage File                     
                ---------  ---------  ---------  --------- ---------                
             ASCII_LOOKUP   0x000005    program     static C:\Users\Eyüp AKDENÝZ\Desktop\New Folder\LCD_EKRAN.X\lcd_ekran.asm
                     ATLA   0x000052    program     static C:\Users\Eyüp AKDENÝZ\Desktop\New Folder\LCD_EKRAN.X\lcd_ekran.asm
                    BASLA   0x00007b    program     static C:\Users\Eyüp AKDENÝZ\Desktop\New Folder\LCD_EKRAN.X\lcd_ekran.asm
                    CEVIR   0x00004e    program     static C:\Users\Eyüp AKDENÝZ\Desktop\New Folder\LCD_EKRAN.X\lcd_ekran.asm
                  CEVIR_H   0x000070    program     static C:\Users\Eyüp AKDENÝZ\Desktop\New Folder\LCD_EKRAN.X\lcd_ekran.asm
                  CEVIR_L   0x000054    program     static C:\Users\Eyüp AKDENÝZ\Desktop\New Folder\LCD_EKRAN.X\lcd_ekran.asm
                       DD   0x00008e    program     static C:\Users\Eyüp AKDENÝZ\Desktop\New Folder\LCD_EKRAN.X\lcd_ekran.asm
           GECIKME_200USN   0x000010    program     static C:\Users\Eyüp AKDENÝZ\Desktop\New Folder\LCD_EKRAN.X\lcd_ekran.asm
            GECIKME_50MSN   0x000015    program     static C:\Users\Eyüp AKDENÝZ\Desktop\New Folder\LCD_EKRAN.X\lcd_ekran.asm
                   GONDER   0x00003c    program     static C:\Users\Eyüp AKDENÝZ\Desktop\New Folder\LCD_EKRAN.X\lcd_ekran.asm
                       HH   0x000072    program     static C:\Users\Eyüp AKDENÝZ\Desktop\New Folder\LCD_EKRAN.X\lcd_ekran.asm
                 LCD_AYAR   0x000024    program     static C:\Users\Eyüp AKDENÝZ\Desktop\New Folder\LCD_EKRAN.X\lcd_ekran.asm
                     LOOP   0x000012    program     static C:\Users\Eyüp AKDENÝZ\Desktop\New Folder\LCD_EKRAN.X\lcd_ekran.asm
                    LOOP1   0x000019    program     static C:\Users\Eyüp AKDENÝZ\Desktop\New Folder\LCD_EKRAN.X\lcd_ekran.asm
                    TETIK   0x00001e    program     static C:\Users\Eyüp AKDENÝZ\Desktop\New Folder\LCD_EKRAN.X\lcd_ekran.asm



                              Symbols - Sorted by Address
                     Name    Address   Location    Storage File                     
                ---------  ---------  ---------  --------- ---------                
             ASCII_LOOKUP   0x000005    program     static C:\Users\Eyüp AKDENÝZ\Desktop\New Folder\LCD_EKRAN.X\lcd_ekran.asm
           GECIKME_200USN   0x000010    program     static C:\Users\Eyüp AKDENÝZ\Desktop\New Folder\LCD_EKRAN.X\lcd_ekran.asm
                     LOOP   0x000012    program     static C:\Users\Eyüp AKDENÝZ\Desktop\New Folder\LCD_EKRAN.X\lcd_ekran.asm
            GECIKME_50MSN   0x000015    program     static C:\Users\Eyüp AKDENÝZ\Desktop\New Folder\LCD_EKRAN.X\lcd_ekran.asm
                    LOOP1   0x000019    program     static C:\Users\Eyüp AKDENÝZ\Desktop\New Folder\LCD_EKRAN.X\lcd_ekran.asm
                    TETIK   0x00001e    program     static C:\Users\Eyüp AKDENÝZ\Desktop\New Folder\LCD_EKRAN.X\lcd_ekran.asm
                 LCD_AYAR   0x000024    program     static C:\Users\Eyüp AKDENÝZ\Desktop\New Folder\LCD_EKRAN.X\lcd_ekran.asm
                   GONDER   0x00003c    program     static C:\Users\Eyüp AKDENÝZ\Desktop\New Folder\LCD_EKRAN.X\lcd_ekran.asm
                    CEVIR   0x00004e    program     static C:\Users\Eyüp AKDENÝZ\Desktop\New Folder\LCD_EKRAN.X\lcd_ekran.asm
                     ATLA   0x000052    program     static C:\Users\Eyüp AKDENÝZ\Desktop\New Folder\LCD_EKRAN.X\lcd_ekran.asm
                  CEVIR_L   0x000054    program     static C:\Users\Eyüp AKDENÝZ\Desktop\New Folder\LCD_EKRAN.X\lcd_ekran.asm
                  CEVIR_H   0x000070    program     static C:\Users\Eyüp AKDENÝZ\Desktop\New Folder\LCD_EKRAN.X\lcd_ekran.asm
                       HH   0x000072    program     static C:\Users\Eyüp AKDENÝZ\Desktop\New Folder\LCD_EKRAN.X\lcd_ekran.asm
                    BASLA   0x00007b    program     static C:\Users\Eyüp AKDENÝZ\Desktop\New Folder\LCD_EKRAN.X\lcd_ekran.asm
                       DD   0x00008e    program     static C:\Users\Eyüp AKDENÝZ\Desktop\New Folder\LCD_EKRAN.X\lcd_ekran.asm


