MPLINK 5.09, LINKER
Linker Map File - Created Mon Dec 20 09:48:12 2021

                                 Section Info
                  Section       Type    Address   Location Size(Bytes)
                ---------  ---------  ---------  ---------  ---------
                   .org_0       code   0x000000    program   0x000004
                   .cinit    romdata   0x000002    program   0x000004
                   .org_1       code   0x000004    program   0x0000de
.config_2007_BUILD/DEFAULT/PRODUCTION/USART.O       code   0x002007    program   0x000002



                              Program Memory Usage 
                               Start         End      
                           ---------   ---------      
                            0x000000    0x000072      
                            0x002007    0x002007      
            116 out of 8454 program addresses used, program memory utilization is 1%



                              Symbols - Sorted by Name
                     Name    Address   Location    Storage File                     
                ---------  ---------  ---------  --------- ---------                
                      BAS   0x00006a    program     static C:\Users\Eyüp AKDENÝZ\Desktop\New Folder\usart.X\usart.asm
                      CIK   0x000015    program     static C:\Users\Eyüp AKDENÝZ\Desktop\New Folder\usart.X\usart.asm
                       DD   0x000072    program     static C:\Users\Eyüp AKDENÝZ\Desktop\New Folder\usart.X\usart.asm
           GECIKME_200USN   0x00001c    program     static C:\Users\Eyüp AKDENÝZ\Desktop\New Folder\usart.X\usart.asm
               KESME_AYAR   0x00002f    program     static C:\Users\Eyüp AKDENÝZ\Desktop\New Folder\usart.X\usart.asm
                 LCD_AYAR   0x00003d    program     static C:\Users\Eyüp AKDENÝZ\Desktop\New Folder\usart.X\usart.asm
               LCD_GONDER   0x000058    program     static C:\Users\Eyüp AKDENÝZ\Desktop\New Folder\usart.X\usart.asm
                     LOOP   0x00001e    program     static C:\Users\Eyüp AKDENÝZ\Desktop\New Folder\usart.X\usart.asm
                    TETIK   0x000052    program     static C:\Users\Eyüp AKDENÝZ\Desktop\New Folder\usart.X\usart.asm
               USART_AYAR   0x000021    program     static C:\Users\Eyüp AKDENÝZ\Desktop\New Folder\usart.X\usart.asm



                              Symbols - Sorted by Address
                     Name    Address   Location    Storage File                     
                ---------  ---------  ---------  --------- ---------                
                      CIK   0x000015    program     static C:\Users\Eyüp AKDENÝZ\Desktop\New Folder\usart.X\usart.asm
           GECIKME_200USN   0x00001c    program     static C:\Users\Eyüp AKDENÝZ\Desktop\New Folder\usart.X\usart.asm
                     LOOP   0x00001e    program     static C:\Users\Eyüp AKDENÝZ\Desktop\New Folder\usart.X\usart.asm
               USART_AYAR   0x000021    program     static C:\Users\Eyüp AKDENÝZ\Desktop\New Folder\usart.X\usart.asm
               KESME_AYAR   0x00002f    program     static C:\Users\Eyüp AKDENÝZ\Desktop\New Folder\usart.X\usart.asm
                 LCD_AYAR   0x00003d    program     static C:\Users\Eyüp AKDENÝZ\Desktop\New Folder\usart.X\usart.asm
                    TETIK   0x000052    program     static C:\Users\Eyüp AKDENÝZ\Desktop\New Folder\usart.X\usart.asm
               LCD_GONDER   0x000058    program     static C:\Users\Eyüp AKDENÝZ\Desktop\New Folder\usart.X\usart.asm
                      BAS   0x00006a    program     static C:\Users\Eyüp AKDENÝZ\Desktop\New Folder\usart.X\usart.asm
                       DD   0x000072    program     static C:\Users\Eyüp AKDENÝZ\Desktop\New Folder\usart.X\usart.asm


