MPLINK 5.09, LINKER
Linker Map File - Created Tue Nov 23 23:36:59 2021

                                 Section Info
                  Section       Type    Address   Location Size(Bytes)
                ---------  ---------  ---------  ---------  ---------
                   .org_0       code   0x000000    program   0x000004
                   .cinit    romdata   0x000002    program   0x000004
                   .org_1       code   0x000004    program   0x00007c
.config_2007_BUILD/DEFAULT/PRODUCTION/RB0_KES       code   0x002007    program   0x000002



                              Program Memory Usage 
                               Start         End      
                           ---------   ---------      
                            0x000000    0x000041      
                            0x002007    0x002007      
            67 out of 8454 program addresses used, program memory utilization is 0%



                              Symbols - Sorted by Name
                     Name    Address   Location    Storage File                     
                ---------  ---------  ---------  --------- ---------                
                    BASLA   0x00003c    program     static C:\Users\Eyüp AKDENÝZ\Desktop\New Folder\RB0_kesmesi.X\rb0_kesmesi.asm
                      CIK   0x000013    program     static C:\Users\Eyüp AKDENÝZ\Desktop\New Folder\RB0_kesmesi.X\rb0_kesmesi.asm
                       DD   0x000041    program     static C:\Users\Eyüp AKDENÝZ\Desktop\New Folder\RB0_kesmesi.X\rb0_kesmesi.asm
                ISLEM_RB0   0x00001b    program     static C:\Users\Eyüp AKDENÝZ\Desktop\New Folder\RB0_kesmesi.X\rb0_kesmesi.asm
               ISLEM_TMR0   0x000021    program     static C:\Users\Eyüp AKDENÝZ\Desktop\New Folder\RB0_kesmesi.X\rb0_kesmesi.asm
               KESME_AYAR   0x000026    program     static C:\Users\Eyüp AKDENÝZ\Desktop\New Folder\RB0_kesmesi.X\rb0_kesmesi.asm
                PORT_AYAR   0x000032    program     static C:\Users\Eyüp AKDENÝZ\Desktop\New Folder\RB0_kesmesi.X\rb0_kesmesi.asm



                              Symbols - Sorted by Address
                     Name    Address   Location    Storage File                     
                ---------  ---------  ---------  --------- ---------                
                      CIK   0x000013    program     static C:\Users\Eyüp AKDENÝZ\Desktop\New Folder\RB0_kesmesi.X\rb0_kesmesi.asm
                ISLEM_RB0   0x00001b    program     static C:\Users\Eyüp AKDENÝZ\Desktop\New Folder\RB0_kesmesi.X\rb0_kesmesi.asm
               ISLEM_TMR0   0x000021    program     static C:\Users\Eyüp AKDENÝZ\Desktop\New Folder\RB0_kesmesi.X\rb0_kesmesi.asm
               KESME_AYAR   0x000026    program     static C:\Users\Eyüp AKDENÝZ\Desktop\New Folder\RB0_kesmesi.X\rb0_kesmesi.asm
                PORT_AYAR   0x000032    program     static C:\Users\Eyüp AKDENÝZ\Desktop\New Folder\RB0_kesmesi.X\rb0_kesmesi.asm
                    BASLA   0x00003c    program     static C:\Users\Eyüp AKDENÝZ\Desktop\New Folder\RB0_kesmesi.X\rb0_kesmesi.asm
                       DD   0x000041    program     static C:\Users\Eyüp AKDENÝZ\Desktop\New Folder\RB0_kesmesi.X\rb0_kesmesi.asm


