MPLINK 5.09, LINKER
Linker Map File - Created Sun Nov 07 16:23:54 2021

                                 Section Info
                  Section       Type    Address   Location Size(Bytes)
                ---------  ---------  ---------  ---------  ---------
                   .org_0       code   0x000000    program   0x000004
                   .cinit    romdata   0x000002    program   0x000004
                   .org_1       code   0x000004    program   0x0000b4
.config_2007_BUILD/DEFAULT/PRODUCTION/DP_BUTT       code   0x002007    program   0x000002



                              Program Memory Usage 
                               Start         End      
                           ---------   ---------      
                            0x000000    0x00005d      
                            0x002007    0x002007      
            95 out of 8454 program addresses used, program memory utilization is 1%



                              Symbols - Sorted by Name
                     Name    Address   Location    Storage File                     
                ---------  ---------  ---------  --------- ---------                
                    BASLA   0x000024    program     static C:\Users\Eyüp AKDENÝZ\Desktop\New Folder\dp_buttonla_gerisay.X\dp_buttonla_gerisay.asm
                   BUTTON   0x000035    program     static C:\Users\Eyüp AKDENÝZ\Desktop\New Folder\dp_buttonla_gerisay.X\dp_buttonla_gerisay.asm
                    DONGU   0x00003c    program     static C:\Users\Eyüp AKDENÝZ\Desktop\New Folder\dp_buttonla_gerisay.X\dp_buttonla_gerisay.asm
                  GECIKME   0x00001b    program     static C:\Users\Eyüp AKDENÝZ\Desktop\New Folder\dp_buttonla_gerisay.X\dp_buttonla_gerisay.asm
                   ISLEM1   0x000046    program     static C:\Users\Eyüp AKDENÝZ\Desktop\New Folder\dp_buttonla_gerisay.X\dp_buttonla_gerisay.asm
                   ISLEM2   0x000056    program     static C:\Users\Eyüp AKDENÝZ\Desktop\New Folder\dp_buttonla_gerisay.X\dp_buttonla_gerisay.asm
                  LOOK_UP   0x000010    program     static C:\Users\Eyüp AKDENÝZ\Desktop\New Folder\dp_buttonla_gerisay.X\dp_buttonla_gerisay.asm
                     LOOP   0x00001f    program     static C:\Users\Eyüp AKDENÝZ\Desktop\New Folder\dp_buttonla_gerisay.X\dp_buttonla_gerisay.asm



                              Symbols - Sorted by Address
                     Name    Address   Location    Storage File                     
                ---------  ---------  ---------  --------- ---------                
                  LOOK_UP   0x000010    program     static C:\Users\Eyüp AKDENÝZ\Desktop\New Folder\dp_buttonla_gerisay.X\dp_buttonla_gerisay.asm
                  GECIKME   0x00001b    program     static C:\Users\Eyüp AKDENÝZ\Desktop\New Folder\dp_buttonla_gerisay.X\dp_buttonla_gerisay.asm
                     LOOP   0x00001f    program     static C:\Users\Eyüp AKDENÝZ\Desktop\New Folder\dp_buttonla_gerisay.X\dp_buttonla_gerisay.asm
                    BASLA   0x000024    program     static C:\Users\Eyüp AKDENÝZ\Desktop\New Folder\dp_buttonla_gerisay.X\dp_buttonla_gerisay.asm
                   BUTTON   0x000035    program     static C:\Users\Eyüp AKDENÝZ\Desktop\New Folder\dp_buttonla_gerisay.X\dp_buttonla_gerisay.asm
                    DONGU   0x00003c    program     static C:\Users\Eyüp AKDENÝZ\Desktop\New Folder\dp_buttonla_gerisay.X\dp_buttonla_gerisay.asm
                   ISLEM1   0x000046    program     static C:\Users\Eyüp AKDENÝZ\Desktop\New Folder\dp_buttonla_gerisay.X\dp_buttonla_gerisay.asm
                   ISLEM2   0x000056    program     static C:\Users\Eyüp AKDENÝZ\Desktop\New Folder\dp_buttonla_gerisay.X\dp_buttonla_gerisay.asm


