MPLINK 5.09, LINKER
Linker Map File - Created Mon Nov 01 09:03:54 2021

                                 Section Info
                  Section       Type    Address   Location Size(Bytes)
                ---------  ---------  ---------  ---------  ---------
                   .org_0       code   0x000000    program   0x000004
                   .cinit    romdata   0x000002    program   0x000004
                   .org_1       code   0x000004    program   0x000034
.config_2007_BUILD/DEFAULT/PRODUCTION/YENI_SO       code   0x002007    program   0x000002



                              Program Memory Usage 
                               Start         End      
                           ---------   ---------      
                            0x000000    0x00001d      
                            0x002007    0x002007      
            31 out of 8454 program addresses used, program memory utilization is 0%



                              Symbols - Sorted by Name
                     Name    Address   Location    Storage File                     
                ---------  ---------  ---------  --------- ---------                
                    BASLA   0x00000d    program     static C:\Users\Eyüp AKDENÝZ\Desktop\New Folder\yeni_sol_sag.X\yeni_sol_sag.asm
                  GECIKME   0x000004    program     static C:\Users\Eyüp AKDENÝZ\Desktop\New Folder\yeni_sol_sag.X\yeni_sol_sag.asm
                    LOOP1   0x000008    program     static C:\Users\Eyüp AKDENÝZ\Desktop\New Folder\yeni_sol_sag.X\yeni_sol_sag.asm
                    LOOP2   0x000006    program     static C:\Users\Eyüp AKDENÝZ\Desktop\New Folder\yeni_sol_sag.X\yeni_sol_sag.asm
                      SAG   0x000014    program     static C:\Users\Eyüp AKDENÝZ\Desktop\New Folder\yeni_sol_sag.X\yeni_sol_sag.asm
                      SOL   0x000019    program     static C:\Users\Eyüp AKDENÝZ\Desktop\New Folder\yeni_sol_sag.X\yeni_sol_sag.asm



                              Symbols - Sorted by Address
                     Name    Address   Location    Storage File                     
                ---------  ---------  ---------  --------- ---------                
                  GECIKME   0x000004    program     static C:\Users\Eyüp AKDENÝZ\Desktop\New Folder\yeni_sol_sag.X\yeni_sol_sag.asm
                    LOOP2   0x000006    program     static C:\Users\Eyüp AKDENÝZ\Desktop\New Folder\yeni_sol_sag.X\yeni_sol_sag.asm
                    LOOP1   0x000008    program     static C:\Users\Eyüp AKDENÝZ\Desktop\New Folder\yeni_sol_sag.X\yeni_sol_sag.asm
                    BASLA   0x00000d    program     static C:\Users\Eyüp AKDENÝZ\Desktop\New Folder\yeni_sol_sag.X\yeni_sol_sag.asm
                      SAG   0x000014    program     static C:\Users\Eyüp AKDENÝZ\Desktop\New Folder\yeni_sol_sag.X\yeni_sol_sag.asm
                      SOL   0x000019    program     static C:\Users\Eyüp AKDENÝZ\Desktop\New Folder\yeni_sol_sag.X\yeni_sol_sag.asm


