MPLINK 5.09, LINKER
Linker Map File - Created Sat Oct 30 16:11:02 2021

                                 Section Info
                  Section       Type    Address   Location Size(Bytes)
                ---------  ---------  ---------  ---------  ---------
                   .org_0       code   0x000000    program   0x000004
                   .cinit    romdata   0x000002    program   0x000004
                   .org_1       code   0x000004    program   0x000030
.config_2007_BUILD/DEFAULT/DEBUG/ILK_GECIKME.       code   0x002007    program   0x000002



                              Program Memory Usage 
                               Start         End      
                           ---------   ---------      
                            0x000000    0x00001b      
                            0x002007    0x002007      
            29 out of 8454 program addresses used, program memory utilization is 0%



                              Symbols - Sorted by Name
                     Name    Address   Location    Storage File                     
                ---------  ---------  ---------  --------- ---------                
                    BASLA   0x000011    program     static C:\Users\Eyüp AKDENÝZ\Desktop\New Folder\GECIKME.X\ILK_GECIKME.asm
                    DONGU   0x000016    program     static C:\Users\Eyüp AKDENÝZ\Desktop\New Folder\GECIKME.X\ILK_GECIKME.asm
                  GECIKME   0x000004    program     static C:\Users\Eyüp AKDENÝZ\Desktop\New Folder\GECIKME.X\ILK_GECIKME.asm
                    LOOP1   0x00000a    program     static C:\Users\Eyüp AKDENÝZ\Desktop\New Folder\GECIKME.X\ILK_GECIKME.asm
                    LOOP2   0x000008    program     static C:\Users\Eyüp AKDENÝZ\Desktop\New Folder\GECIKME.X\ILK_GECIKME.asm
                    LOOP3   0x000006    program     static C:\Users\Eyüp AKDENÝZ\Desktop\New Folder\GECIKME.X\ILK_GECIKME.asm



                              Symbols - Sorted by Address
                     Name    Address   Location    Storage File                     
                ---------  ---------  ---------  --------- ---------                
                  GECIKME   0x000004    program     static C:\Users\Eyüp AKDENÝZ\Desktop\New Folder\GECIKME.X\ILK_GECIKME.asm
                    LOOP3   0x000006    program     static C:\Users\Eyüp AKDENÝZ\Desktop\New Folder\GECIKME.X\ILK_GECIKME.asm
                    LOOP2   0x000008    program     static C:\Users\Eyüp AKDENÝZ\Desktop\New Folder\GECIKME.X\ILK_GECIKME.asm
                    LOOP1   0x00000a    program     static C:\Users\Eyüp AKDENÝZ\Desktop\New Folder\GECIKME.X\ILK_GECIKME.asm
                    BASLA   0x000011    program     static C:\Users\Eyüp AKDENÝZ\Desktop\New Folder\GECIKME.X\ILK_GECIKME.asm
                    DONGU   0x000016    program     static C:\Users\Eyüp AKDENÝZ\Desktop\New Folder\GECIKME.X\ILK_GECIKME.asm


