MPLINK 5.09, LINKER
Linker Map File - Created Mon Nov 01 22:46:25 2021

                                 Section Info
                  Section       Type    Address   Location Size(Bytes)
                ---------  ---------  ---------  ---------  ---------
                   .org_0       code   0x000000    program   0x000004
                   .cinit    romdata   0x000002    program   0x000004
                   .org_1       code   0x000004    program   0x000030
.config_2007_BUILD/DEFAULT/PRODUCTION/PORTAUY       code   0x002007    program   0x000002



                              Program Memory Usage 
                               Start         End      
                           ---------   ---------      
                            0x000000    0x00001b      
                            0x002007    0x002007      
            29 out of 8454 program addresses used, program memory utilization is 0%



                              Symbols - Sorted by Name
                     Name    Address   Location    Storage File                     
                ---------  ---------  ---------  --------- ---------                
                    BASLA   0x000004    program     static C:\Users\Eyüp AKDENÝZ\Desktop\New Folder\portaorn.X\portauyg.asm
                  KONTROL   0x000012    program     static C:\Users\Eyüp AKDENÝZ\Desktop\New Folder\portaorn.X\portauyg.asm
                   SONDUR   0x000019    program     static C:\Users\Eyüp AKDENÝZ\Desktop\New Folder\portaorn.X\portauyg.asm
                      YAK   0x000016    program     static C:\Users\Eyüp AKDENÝZ\Desktop\New Folder\portaorn.X\portauyg.asm



                              Symbols - Sorted by Address
                     Name    Address   Location    Storage File                     
                ---------  ---------  ---------  --------- ---------                
                    BASLA   0x000004    program     static C:\Users\Eyüp AKDENÝZ\Desktop\New Folder\portaorn.X\portauyg.asm
                  KONTROL   0x000012    program     static C:\Users\Eyüp AKDENÝZ\Desktop\New Folder\portaorn.X\portauyg.asm
                      YAK   0x000016    program     static C:\Users\Eyüp AKDENÝZ\Desktop\New Folder\portaorn.X\portauyg.asm
                   SONDUR   0x000019    program     static C:\Users\Eyüp AKDENÝZ\Desktop\New Folder\portaorn.X\portauyg.asm


