MPLINK 5.09, LINKER
Linker Map File - Created Mon Nov 01 22:16:35 2021

                                 Section Info
                  Section       Type    Address   Location Size(Bytes)
                ---------  ---------  ---------  ---------  ---------
                   .org_0       code   0x000000    program   0x000004
                   .cinit    romdata   0x000002    program   0x000004
                   .org_1       code   0x000004    program   0x00001e
.config_2007_BUILD/DEFAULT/PRODUCTION/C0_C1.O       code   0x002007    program   0x000002



                              Program Memory Usage 
                               Start         End      
                           ---------   ---------      
                            0x000000    0x000012      
                            0x002007    0x002007      
            20 out of 8454 program addresses used, program memory utilization is 0%



                              Symbols - Sorted by Name
                     Name    Address   Location    Storage File                     
                ---------  ---------  ---------  --------- ---------                
                    BASLA   0x000004    program     static C:\Users\Eyüp AKDENÝZ\Desktop\New Folder\c0_c1.X\c0_c1.asm
                  KONTROL   0x00000b    program     static C:\Users\Eyüp AKDENÝZ\Desktop\New Folder\c0_c1.X\c0_c1.asm
                   SONDUR   0x000011    program     static C:\Users\Eyüp AKDENÝZ\Desktop\New Folder\c0_c1.X\c0_c1.asm
                      YAK   0x00000f    program     static C:\Users\Eyüp AKDENÝZ\Desktop\New Folder\c0_c1.X\c0_c1.asm



                              Symbols - Sorted by Address
                     Name    Address   Location    Storage File                     
                ---------  ---------  ---------  --------- ---------                
                    BASLA   0x000004    program     static C:\Users\Eyüp AKDENÝZ\Desktop\New Folder\c0_c1.X\c0_c1.asm
                  KONTROL   0x00000b    program     static C:\Users\Eyüp AKDENÝZ\Desktop\New Folder\c0_c1.X\c0_c1.asm
                      YAK   0x00000f    program     static C:\Users\Eyüp AKDENÝZ\Desktop\New Folder\c0_c1.X\c0_c1.asm
                   SONDUR   0x000011    program     static C:\Users\Eyüp AKDENÝZ\Desktop\New Folder\c0_c1.X\c0_c1.asm


