MPLINK 5.09, LINKER
Linker Map File - Created Sun Oct 31 17:43:57 2021

                                 Section Info
                  Section       Type    Address   Location Size(Bytes)
                ---------  ---------  ---------  ---------  ---------
                   .org_0       code   0x000000    program   0x000004
                   .cinit    romdata   0x000002    program   0x000004
                   .org_1       code   0x000004    program   0x00007c
.config_2007_BUILD/DEFAULT/PRODUCTION/BUTON_Y       code   0x002007    program   0x000002



                              Program Memory Usage 
                               Start         End      
                           ---------   ---------      
                            0x000000    0x000041      
                            0x002007    0x002007      
            67 out of 8454 program addresses used, program memory utilization is 0%



                              Symbols - Sorted by Name
                     Name    Address   Location    Storage File                     
                ---------  ---------  ---------  --------- ---------                
                    BASLA   0x00001c    program     static C:\Users\Eyüp AKDENÝZ\Desktop\New Folder\buton_led.X\buton_yanled.asm
                  GECIKME   0x000004    program     static C:\Users\Eyüp AKDENÝZ\Desktop\New Folder\buton_led.X\buton_yanled.asm
                  KONTROL   0x00001e    program     static C:\Users\Eyüp AKDENÝZ\Desktop\New Folder\buton_led.X\buton_yanled.asm
                    LOOP1   0x000008    program     static C:\Users\Eyüp AKDENÝZ\Desktop\New Folder\buton_led.X\buton_yanled.asm
                    LOOP2   0x000006    program     static C:\Users\Eyüp AKDENÝZ\Desktop\New Folder\buton_led.X\buton_yanled.asm
             PORTA_AYARLA   0x00000d    program     static C:\Users\Eyüp AKDENÝZ\Desktop\New Folder\buton_led.X\buton_yanled.asm
             PORTB_AYARLA   0x000015    program     static C:\Users\Eyüp AKDENÝZ\Desktop\New Folder\buton_led.X\buton_yanled.asm
                  SIFIRLA   0x000040    program     static C:\Users\Eyüp AKDENÝZ\Desktop\New Folder\buton_led.X\buton_yanled.asm
                   TEKRAR   0x00003d    program     static C:\Users\Eyüp AKDENÝZ\Desktop\New Folder\buton_led.X\buton_yanled.asm
                    YAK_0   0x00002b    program     static C:\Users\Eyüp AKDENÝZ\Desktop\New Folder\buton_led.X\buton_yanled.asm
                    YAK_1   0x00002e    program     static C:\Users\Eyüp AKDENÝZ\Desktop\New Folder\buton_led.X\buton_yanled.asm
                    YAK_2   0x000031    program     static C:\Users\Eyüp AKDENÝZ\Desktop\New Folder\buton_led.X\buton_yanled.asm
                    YAK_3   0x000034    program     static C:\Users\Eyüp AKDENÝZ\Desktop\New Folder\buton_led.X\buton_yanled.asm
                    YAK_4   0x000037    program     static C:\Users\Eyüp AKDENÝZ\Desktop\New Folder\buton_led.X\buton_yanled.asm
                    YAK_5   0x00003a    program     static C:\Users\Eyüp AKDENÝZ\Desktop\New Folder\buton_led.X\buton_yanled.asm



                              Symbols - Sorted by Address
                     Name    Address   Location    Storage File                     
                ---------  ---------  ---------  --------- ---------                
                  GECIKME   0x000004    program     static C:\Users\Eyüp AKDENÝZ\Desktop\New Folder\buton_led.X\buton_yanled.asm
                    LOOP2   0x000006    program     static C:\Users\Eyüp AKDENÝZ\Desktop\New Folder\buton_led.X\buton_yanled.asm
                    LOOP1   0x000008    program     static C:\Users\Eyüp AKDENÝZ\Desktop\New Folder\buton_led.X\buton_yanled.asm
             PORTA_AYARLA   0x00000d    program     static C:\Users\Eyüp AKDENÝZ\Desktop\New Folder\buton_led.X\buton_yanled.asm
             PORTB_AYARLA   0x000015    program     static C:\Users\Eyüp AKDENÝZ\Desktop\New Folder\buton_led.X\buton_yanled.asm
                    BASLA   0x00001c    program     static C:\Users\Eyüp AKDENÝZ\Desktop\New Folder\buton_led.X\buton_yanled.asm
                  KONTROL   0x00001e    program     static C:\Users\Eyüp AKDENÝZ\Desktop\New Folder\buton_led.X\buton_yanled.asm
                    YAK_0   0x00002b    program     static C:\Users\Eyüp AKDENÝZ\Desktop\New Folder\buton_led.X\buton_yanled.asm
                    YAK_1   0x00002e    program     static C:\Users\Eyüp AKDENÝZ\Desktop\New Folder\buton_led.X\buton_yanled.asm
                    YAK_2   0x000031    program     static C:\Users\Eyüp AKDENÝZ\Desktop\New Folder\buton_led.X\buton_yanled.asm
                    YAK_3   0x000034    program     static C:\Users\Eyüp AKDENÝZ\Desktop\New Folder\buton_led.X\buton_yanled.asm
                    YAK_4   0x000037    program     static C:\Users\Eyüp AKDENÝZ\Desktop\New Folder\buton_led.X\buton_yanled.asm
                    YAK_5   0x00003a    program     static C:\Users\Eyüp AKDENÝZ\Desktop\New Folder\buton_led.X\buton_yanled.asm
                   TEKRAR   0x00003d    program     static C:\Users\Eyüp AKDENÝZ\Desktop\New Folder\buton_led.X\buton_yanled.asm
                  SIFIRLA   0x000040    program     static C:\Users\Eyüp AKDENÝZ\Desktop\New Folder\buton_led.X\buton_yanled.asm


