MPLINK 5.09, LINKER
Linker Map File - Created Sun Oct 31 18:06:02 2021

                                 Section Info
                  Section       Type    Address   Location Size(Bytes)
                ---------  ---------  ---------  ---------  ---------
                   .org_0       code   0x000000    program   0x000004
                   .cinit    romdata   0x000002    program   0x000004
                   .org_1       code   0x000004    program   0x000028
.config_2007_BUILD/DEFAULT/PRODUCTION/GECIKME       code   0x002007    program   0x000002



                              Program Memory Usage 
                               Start         End      
                           ---------   ---------      
                            0x000000    0x000017      
                            0x002007    0x002007      
            25 out of 8454 program addresses used, program memory utilization is 0%



                              Symbols - Sorted by Name
                     Name    Address   Location    Storage File                     
                ---------  ---------  ---------  --------- ---------                
                    BASLA   0x00000d    program     static C:\Users\Eyüp AKDENÝZ\Desktop\New Folder\GECIKME_ÝLK.X\GECIKME.asm
                    DONGU   0x000012    program     static C:\Users\Eyüp AKDENÝZ\Desktop\New Folder\GECIKME_ÝLK.X\GECIKME.asm
                  GECIKME   0x000004    program     static C:\Users\Eyüp AKDENÝZ\Desktop\New Folder\GECIKME_ÝLK.X\GECIKME.asm
                    LOOP1   0x000008    program     static C:\Users\Eyüp AKDENÝZ\Desktop\New Folder\GECIKME_ÝLK.X\GECIKME.asm
                    LOOP2   0x000006    program     static C:\Users\Eyüp AKDENÝZ\Desktop\New Folder\GECIKME_ÝLK.X\GECIKME.asm



                              Symbols - Sorted by Address
                     Name    Address   Location    Storage File                     
                ---------  ---------  ---------  --------- ---------                
                  GECIKME   0x000004    program     static C:\Users\Eyüp AKDENÝZ\Desktop\New Folder\GECIKME_ÝLK.X\GECIKME.asm
                    LOOP2   0x000006    program     static C:\Users\Eyüp AKDENÝZ\Desktop\New Folder\GECIKME_ÝLK.X\GECIKME.asm
                    LOOP1   0x000008    program     static C:\Users\Eyüp AKDENÝZ\Desktop\New Folder\GECIKME_ÝLK.X\GECIKME.asm
                    BASLA   0x00000d    program     static C:\Users\Eyüp AKDENÝZ\Desktop\New Folder\GECIKME_ÝLK.X\GECIKME.asm
                    DONGU   0x000012    program     static C:\Users\Eyüp AKDENÝZ\Desktop\New Folder\GECIKME_ÝLK.X\GECIKME.asm


