MPLINK 5.09, LINKER
Linker Map File - Created Thu Nov 04 20:28:49 2021

                                 Section Info
                  Section       Type    Address   Location Size(Bytes)
                ---------  ---------  ---------  ---------  ---------
                   .org_0       code   0x000000    program   0x000004
                   .cinit    romdata   0x000002    program   0x000004
                   .org_1       code   0x000004    program   0x000034
.config_2007_BUILD/DEFAULT/PRODUCTION/1.O_LAB       code   0x002007    program   0x000002



                              Program Memory Usage 
                               Start         End      
                           ---------   ---------      
                            0x000000    0x00001d      
                            0x002007    0x002007      
            31 out of 8454 program addresses used, program memory utilization is 0%



                              Symbols - Sorted by Name
                     Name    Address   Location    Storage File                     
                ---------  ---------  ---------  --------- ---------                
                    BASLA   0x000014    program     static C:\Users\Eyüp AKDENÝZ\Desktop\New Folder\1.O_lab1.X\1.O_lab1.asm
                    DONGU   0x00001b    program     static C:\Users\Eyüp AKDENÝZ\Desktop\New Folder\1.O_lab1.X\1.O_lab1.asm
                  GECIKME   0x000004    program     static C:\Users\Eyüp AKDENÝZ\Desktop\New Folder\1.O_lab1.X\1.O_lab1.asm
                    ISLEM   0x000011    program     static C:\Users\Eyüp AKDENÝZ\Desktop\New Folder\1.O_lab1.X\1.O_lab1.asm
                     LOOP   0x00000a    program     static C:\Users\Eyüp AKDENÝZ\Desktop\New Folder\1.O_lab1.X\1.O_lab1.asm



                              Symbols - Sorted by Address
                     Name    Address   Location    Storage File                     
                ---------  ---------  ---------  --------- ---------                
                  GECIKME   0x000004    program     static C:\Users\Eyüp AKDENÝZ\Desktop\New Folder\1.O_lab1.X\1.O_lab1.asm
                     LOOP   0x00000a    program     static C:\Users\Eyüp AKDENÝZ\Desktop\New Folder\1.O_lab1.X\1.O_lab1.asm
                    ISLEM   0x000011    program     static C:\Users\Eyüp AKDENÝZ\Desktop\New Folder\1.O_lab1.X\1.O_lab1.asm
                    BASLA   0x000014    program     static C:\Users\Eyüp AKDENÝZ\Desktop\New Folder\1.O_lab1.X\1.O_lab1.asm
                    DONGU   0x00001b    program     static C:\Users\Eyüp AKDENÝZ\Desktop\New Folder\1.O_lab1.X\1.O_lab1.asm


