MPLINK 5.09, LINKER
Linker Map File - Created Fri Nov 12 14:51:25 2021

                                 Section Info
                  Section       Type    Address   Location Size(Bytes)
                ---------  ---------  ---------  ---------  ---------
                   .org_0       code   0x000000    program   0x000004
                   .cinit    romdata   0x000002    program   0x000004
                   .org_1       code   0x000004    program   0x000064
.config_2007_BUILD/DEFAULT/PRODUCTION/DOT_MAT       code   0x002007    program   0x000002



                              Program Memory Usage 
                               Start         End      
                           ---------   ---------      
                            0x000000    0x000035      
                            0x002007    0x002007      
            55 out of 8454 program addresses used, program memory utilization is 0%



                              Symbols - Sorted by Name
                     Name    Address   Location    Storage File                     
                ---------  ---------  ---------  --------- ---------                
                    BASLA   0x00001f    program     static C:\Users\Eyüp AKDENÝZ\Desktop\New Folder\dot_matris.X\dot_matris.asm
                  GECIKME   0x000010    program     static C:\Users\Eyüp AKDENÝZ\Desktop\New Folder\dot_matris.X\dot_matris.asm
                     ISLE   0x000027    program     static C:\Users\Eyüp AKDENÝZ\Desktop\New Folder\dot_matris.X\dot_matris.asm
                    ISLEM   0x00002b    program     static C:\Users\Eyüp AKDENÝZ\Desktop\New Folder\dot_matris.X\dot_matris.asm
                   LOOKUP   0x000019    program     static C:\Users\Eyüp AKDENÝZ\Desktop\New Folder\dot_matris.X\dot_matris.asm
                     LOOP   0x000014    program     static C:\Users\Eyüp AKDENÝZ\Desktop\New Folder\dot_matris.X\dot_matris.asm



                              Symbols - Sorted by Address
                     Name    Address   Location    Storage File                     
                ---------  ---------  ---------  --------- ---------                
                  GECIKME   0x000010    program     static C:\Users\Eyüp AKDENÝZ\Desktop\New Folder\dot_matris.X\dot_matris.asm
                     LOOP   0x000014    program     static C:\Users\Eyüp AKDENÝZ\Desktop\New Folder\dot_matris.X\dot_matris.asm
                   LOOKUP   0x000019    program     static C:\Users\Eyüp AKDENÝZ\Desktop\New Folder\dot_matris.X\dot_matris.asm
                    BASLA   0x00001f    program     static C:\Users\Eyüp AKDENÝZ\Desktop\New Folder\dot_matris.X\dot_matris.asm
                     ISLE   0x000027    program     static C:\Users\Eyüp AKDENÝZ\Desktop\New Folder\dot_matris.X\dot_matris.asm
                    ISLEM   0x00002b    program     static C:\Users\Eyüp AKDENÝZ\Desktop\New Folder\dot_matris.X\dot_matris.asm


