MPLINK 5.09, LINKER
Linker Map File - Created Thu Nov 04 21:23:18 2021

                                 Section Info
                  Section       Type    Address   Location Size(Bytes)
                ---------  ---------  ---------  ---------  ---------
                   .org_0       code   0x000000    program   0x000004
                   .cinit    romdata   0x000002    program   0x000004
                   .org_1       code   0x000004    program   0x00004c
.config_2007_BUILD/DEFAULT/PRODUCTION/255_GER       code   0x002007    program   0x000002



                              Program Memory Usage 
                               Start         End      
                           ---------   ---------      
                            0x000000    0x000029      
                            0x002007    0x002007      
            43 out of 8454 program addresses used, program memory utilization is 0%



                              Symbols - Sorted by Name
                     Name    Address   Location    Storage File                     
                ---------  ---------  ---------  --------- ---------                
                    BASLA   0x000017    program     static C:\Users\Eyüp AKDENÝZ\Desktop\New Folder\255_geri_tek_sayilar.X\255_geri_tek_sayilar.asm
                    DONGU   0x000027    program     static C:\Users\Eyüp AKDENÝZ\Desktop\New Folder\255_geri_tek_sayilar.X\255_geri_tek_sayilar.asm
                  GECIKME   0x000004    program     static C:\Users\Eyüp AKDENÝZ\Desktop\New Folder\255_geri_tek_sayilar.X\255_geri_tek_sayilar.asm
                    ISLEM   0x000011    program     static C:\Users\Eyüp AKDENÝZ\Desktop\New Folder\255_geri_tek_sayilar.X\255_geri_tek_sayilar.asm
                     LOOP   0x00000a    program     static C:\Users\Eyüp AKDENÝZ\Desktop\New Folder\255_geri_tek_sayilar.X\255_geri_tek_sayilar.asm



                              Symbols - Sorted by Address
                     Name    Address   Location    Storage File                     
                ---------  ---------  ---------  --------- ---------                
                  GECIKME   0x000004    program     static C:\Users\Eyüp AKDENÝZ\Desktop\New Folder\255_geri_tek_sayilar.X\255_geri_tek_sayilar.asm
                     LOOP   0x00000a    program     static C:\Users\Eyüp AKDENÝZ\Desktop\New Folder\255_geri_tek_sayilar.X\255_geri_tek_sayilar.asm
                    ISLEM   0x000011    program     static C:\Users\Eyüp AKDENÝZ\Desktop\New Folder\255_geri_tek_sayilar.X\255_geri_tek_sayilar.asm
                    BASLA   0x000017    program     static C:\Users\Eyüp AKDENÝZ\Desktop\New Folder\255_geri_tek_sayilar.X\255_geri_tek_sayilar.asm
                    DONGU   0x000027    program     static C:\Users\Eyüp AKDENÝZ\Desktop\New Folder\255_geri_tek_sayilar.X\255_geri_tek_sayilar.asm


