MPLINK 5.09, LINKER
Linker Map File - Created Sat Nov 06 18:27:25 2021

                                 Section Info
                  Section       Type    Address   Location Size(Bytes)
                ---------  ---------  ---------  ---------  ---------
                   .org_0       code   0x000000    program   0x000004
                   .cinit    romdata   0x000002    program   0x000004
                   .org_1       code   0x000004    program   0x000086
.config_2007_BUILD/DEFAULT/PRODUCTION/16LIK_G       code   0x002007    program   0x000002



                              Program Memory Usage 
                               Start         End      
                           ---------   ---------      
                            0x000000    0x000046      
                            0x002007    0x002007      
            72 out of 8454 program addresses used, program memory utilization is 0%



                              Symbols - Sorted by Name
                     Name    Address   Location    Storage File                     
                ---------  ---------  ---------  --------- ---------                
                    BASLA   0x00002e    program     static C:\Users\Eyüp AKDENÝZ\Desktop\New Folder\99_geri.X\16lik_geri.asm
                    DONGU   0x00003f    program     static C:\Users\Eyüp AKDENÝZ\Desktop\New Folder\99_geri.X\16lik_geri.asm
                  GECIKME   0x000021    program     static C:\Users\Eyüp AKDENÝZ\Desktop\New Folder\99_geri.X\16lik_geri.asm
                  LOOK_UP   0x000010    program     static C:\Users\Eyüp AKDENÝZ\Desktop\New Folder\99_geri.X\16lik_geri.asm
                     LOOP   0x000027    program     static C:\Users\Eyüp AKDENÝZ\Desktop\New Folder\99_geri.X\16lik_geri.asm



                              Symbols - Sorted by Address
                     Name    Address   Location    Storage File                     
                ---------  ---------  ---------  --------- ---------                
                  LOOK_UP   0x000010    program     static C:\Users\Eyüp AKDENÝZ\Desktop\New Folder\99_geri.X\16lik_geri.asm
                  GECIKME   0x000021    program     static C:\Users\Eyüp AKDENÝZ\Desktop\New Folder\99_geri.X\16lik_geri.asm
                     LOOP   0x000027    program     static C:\Users\Eyüp AKDENÝZ\Desktop\New Folder\99_geri.X\16lik_geri.asm
                    BASLA   0x00002e    program     static C:\Users\Eyüp AKDENÝZ\Desktop\New Folder\99_geri.X\16lik_geri.asm
                    DONGU   0x00003f    program     static C:\Users\Eyüp AKDENÝZ\Desktop\New Folder\99_geri.X\16lik_geri.asm


