MPLINK 5.09, LINKER
Linker Map File - Created Sun Oct 31 22:31:15 2021

                                 Section Info
                  Section       Type    Address   Location Size(Bytes)
                ---------  ---------  ---------  ---------  ---------
                   .org_0       code   0x000000    program   0x000004
                   .cinit    romdata   0x000002    program   0x000004
                   .org_1       code   0x000004    program   0x000002
                   .org_2       code   0x000005    program   0x000022
.config_2007_BUILD/DEFAULT/PRODUCTION/CIKARMA       code   0x002007    program   0x000002



                              Program Memory Usage 
                               Start         End      
                           ---------   ---------      
                            0x000000    0x000015      
                            0x002007    0x002007      
            23 out of 8454 program addresses used, program memory utilization is 0%



                              Symbols - Sorted by Name
                     Name    Address   Location    Storage File                     
                ---------  ---------  ---------  --------- ---------                
                    BASLA   0x000005    program     static C:\Users\Eyüp AKDENÝZ\Desktop\New Folder\cikarma.X\cikarma.asm
                    ISLEM   0x000011    program     static C:\Users\Eyüp AKDENÝZ\Desktop\New Folder\cikarma.X\cikarma.asm
                    KESME   0x000015    program     static C:\Users\Eyüp AKDENÝZ\Desktop\New Folder\cikarma.X\cikarma.asm



                              Symbols - Sorted by Address
                     Name    Address   Location    Storage File                     
                ---------  ---------  ---------  --------- ---------                
                    BASLA   0x000005    program     static C:\Users\Eyüp AKDENÝZ\Desktop\New Folder\cikarma.X\cikarma.asm
                    ISLEM   0x000011    program     static C:\Users\Eyüp AKDENÝZ\Desktop\New Folder\cikarma.X\cikarma.asm
                    KESME   0x000015    program     static C:\Users\Eyüp AKDENÝZ\Desktop\New Folder\cikarma.X\cikarma.asm


