MPLINK 5.09, LINKER
Linker Map File - Created Tue Nov 09 12:23:19 2021

                                 Section Info
                  Section       Type    Address   Location Size(Bytes)
                ---------  ---------  ---------  ---------  ---------
                   .org_0       code   0x000000    program   0x000004
                   .cinit    romdata   0x000002    program   0x000004
                   .org_1       code   0x000004    program   0x0000a2
.config_2007_BUILD/DEFAULT/PRODUCTION/DP_2BAS       code   0x002007    program   0x000002



                              Program Memory Usage 
                               Start         End      
                           ---------   ---------      
                            0x000000    0x000054      
                            0x002007    0x002007      
            86 out of 8454 program addresses used, program memory utilization is 1%



                              Symbols - Sorted by Name
                     Name    Address   Location    Storage File                     
                ---------  ---------  ---------  --------- ---------                
                    BASLA   0x000018    program     static C:\Users\Eyüp AKDENÝZ\Desktop\New Folder\dp_2bas_azalmaa.X\dp_2bas_azalmaa.asm
                   BUTTON   0x000031    program     static C:\Users\Eyüp AKDENÝZ\Desktop\New Folder\dp_2bas_azalmaa.X\dp_2bas_azalmaa.asm
                    DONGU   0x000034    program     static C:\Users\Eyüp AKDENÝZ\Desktop\New Folder\dp_2bas_azalmaa.X\dp_2bas_azalmaa.asm
                  GECIKME   0x00000f    program     static C:\Users\Eyüp AKDENÝZ\Desktop\New Folder\dp_2bas_azalmaa.X\dp_2bas_azalmaa.asm
                   ISLEM1   0x00003c    program     static C:\Users\Eyüp AKDENÝZ\Desktop\New Folder\dp_2bas_azalmaa.X\dp_2bas_azalmaa.asm
                   ISLEM2   0x00004d    program     static C:\Users\Eyüp AKDENÝZ\Desktop\New Folder\dp_2bas_azalmaa.X\dp_2bas_azalmaa.asm
                  LOOK_UP   0x000004    program     static C:\Users\Eyüp AKDENÝZ\Desktop\New Folder\dp_2bas_azalmaa.X\dp_2bas_azalmaa.asm
                     LOOP   0x000013    program     static C:\Users\Eyüp AKDENÝZ\Desktop\New Folder\dp_2bas_azalmaa.X\dp_2bas_azalmaa.asm



                              Symbols - Sorted by Address
                     Name    Address   Location    Storage File                     
                ---------  ---------  ---------  --------- ---------                
                  LOOK_UP   0x000004    program     static C:\Users\Eyüp AKDENÝZ\Desktop\New Folder\dp_2bas_azalmaa.X\dp_2bas_azalmaa.asm
                  GECIKME   0x00000f    program     static C:\Users\Eyüp AKDENÝZ\Desktop\New Folder\dp_2bas_azalmaa.X\dp_2bas_azalmaa.asm
                     LOOP   0x000013    program     static C:\Users\Eyüp AKDENÝZ\Desktop\New Folder\dp_2bas_azalmaa.X\dp_2bas_azalmaa.asm
                    BASLA   0x000018    program     static C:\Users\Eyüp AKDENÝZ\Desktop\New Folder\dp_2bas_azalmaa.X\dp_2bas_azalmaa.asm
                   BUTTON   0x000031    program     static C:\Users\Eyüp AKDENÝZ\Desktop\New Folder\dp_2bas_azalmaa.X\dp_2bas_azalmaa.asm
                    DONGU   0x000034    program     static C:\Users\Eyüp AKDENÝZ\Desktop\New Folder\dp_2bas_azalmaa.X\dp_2bas_azalmaa.asm
                   ISLEM1   0x00003c    program     static C:\Users\Eyüp AKDENÝZ\Desktop\New Folder\dp_2bas_azalmaa.X\dp_2bas_azalmaa.asm
                   ISLEM2   0x00004d    program     static C:\Users\Eyüp AKDENÝZ\Desktop\New Folder\dp_2bas_azalmaa.X\dp_2bas_azalmaa.asm


